DEB [20141120-07:59:55.925] thr=1   paramiko.transport: starting thread (client mode): 0x4cc53d0L
INF [20141120-07:59:56.075] thr=1   paramiko.transport: Connected (version 2.0, client OpenSSH_6.2)
DEB [20141120-07:59:56.224] thr=1   paramiko.transport: kex algos:['ecdh-sha2-nistp256', 'ecdh-sha2-nistp384', 'ecdh-sha2-nistp521', 'diffie-hellman-group-exchange-sha256', 'diffie-hellman-group-exchange-sha1', 'diffie-hellman-group14-sha1', 'diffie-hellman-group1-sha1'] server key:['ssh-rsa', 'ssh-dss', 'ecdsa-sha2-nistp256'] client encrypt:['aes128-ctr', 'aes192-ctr', 'aes256-ctr', 'arcfour256', 'arcfour128', 'aes128-gcm@openssh.com', 'aes256-gcm@openssh.com', 'aes128-cbc', '3des-cbc', 'blowfish-cbc', 'cast128-cbc', 'aes192-cbc', 'aes256-cbc', 'arcfour', 'rijndael-cbc@lysator.liu.se'] server encrypt:['aes128-ctr', 'aes192-ctr', 'aes256-ctr', 'arcfour256', 'arcfour128', 'aes128-gcm@openssh.com', 'aes256-gcm@openssh.com', 'aes128-cbc', '3des-cbc', 'blowfish-cbc', 'cast128-cbc', 'aes192-cbc', 'aes256-cbc', 'arcfour', 'rijndael-cbc@lysator.liu.se'] client mac:['hmac-md5-etm@openssh.com', 'hmac-sha1-etm@openssh.com', 'umac-64-etm@openssh.com', 'umac-128-etm@openssh.com', 'hmac-sha2-256-etm@openssh.com', 'hmac-sha2-512-etm@openssh.com', 'hmac-ripemd160-etm@openssh.com', 'hmac-sha1-96-etm@openssh.com', 'hmac-md5-96-etm@openssh.com', 'hmac-md5', 'hmac-sha1', 'umac-64@openssh.com', 'umac-128@openssh.com', 'hmac-sha2-256', 'hmac-sha2-512', 'hmac-ripemd160', 'hmac-ripemd160@openssh.com', 'hmac-sha1-96', 'hmac-md5-96'] server mac:['hmac-md5-etm@openssh.com', 'hmac-sha1-etm@openssh.com', 'umac-64-etm@openssh.com', 'umac-128-etm@openssh.com', 'hmac-sha2-256-etm@openssh.com', 'hmac-sha2-512-etm@openssh.com', 'hmac-ripemd160-etm@openssh.com', 'hmac-sha1-96-etm@openssh.com', 'hmac-md5-96-etm@openssh.com', 'hmac-md5', 'hmac-sha1', 'umac-64@openssh.com', 'umac-128@openssh.com', 'hmac-sha2-256', 'hmac-sha2-512', 'hmac-ripemd160', 'hmac-ripemd160@openssh.com', 'hmac-sha1-96', 'hmac-md5-96'] client compress:['none', 'zlib@openssh.com'] server compress:['none', 'zlib@openssh.com'] client lang:[''] server lang:[''] kex follows?False
DEB [20141120-07:59:56.224] thr=1   paramiko.transport: Ciphers agreed: local=aes128-ctr, remote=aes128-ctr
DEB [20141120-07:59:56.224] thr=1   paramiko.transport: using kex diffie-hellman-group1-sha1; server key type ssh-rsa; cipher: local aes128-ctr, remote aes128-ctr; mac: local hmac-sha1, remote hmac-sha1; compression: local zlib@openssh.com, remote zlib@openssh.com
DEB [20141120-07:59:56.431] thr=1   paramiko.transport: Switch to new keys ...
DEB [20141120-07:59:56.433] thr=2   paramiko.transport: Trying SSH agent key 43580cd0e4a66687bcef9ead9ff9813b
DEB [20141120-07:59:56.769] thr=1   paramiko.transport: userauth is OK
INF [20141120-08:00:00.160] thr=1   paramiko.transport: Authentication (publickey) failed.
DEB [20141120-08:00:00.312] thr=1   paramiko.transport: userauth is OK
INF [20141120-08:00:00.468] thr=1   paramiko.transport: Authentication (password) successful!
DEB [20141120-08:00:00.468] thr=1   paramiko.transport: Switching on outbound compression ...
DEB [20141120-08:00:00.468] thr=1   paramiko.transport: Switching on inbound compression ...
DEB [20141120-08:00:00.473] thr=2   paramiko.transport: [chan 1] Max packet in: 34816 bytes
DEB [20141120-08:00:00.623] thr=1   paramiko.transport: [chan 1] Max packet out: 32768 bytes
INF [20141120-08:00:00.623] thr=1   paramiko.transport: Secsh channel 1 opened.
DEB [20141120-08:00:00.791] thr=1   paramiko.transport: [chan 1] Sesch channel 1 request ok
DEB [20141120-08:00:00.802] thr=1   paramiko.transport: [chan 1] EOF received (1)
DEB [20141120-08:00:00.803] thr=2   paramiko.transport: [chan 2] Max packet in: 34816 bytes
DEB [20141120-08:00:00.803] thr=1   paramiko.transport: [chan 1] EOF sent (1)
DEB [20141120-08:00:00.952] thr=1   paramiko.transport: [chan 2] Max packet out: 32768 bytes
INF [20141120-08:00:00.952] thr=1   paramiko.transport: Secsh channel 2 opened.
DEB [20141120-08:00:01.295] thr=1   paramiko.transport: [chan 2] Sesch channel 2 request ok
DEB [20141120-08:00:01.303] thr=1   paramiko.transport: [chan 2] EOF received (2)
